Using pre-set license
Built from '2021.3/staging' branch; Version is '2021.3.31f1 (3409e2af086f) revision 3410402'; Using compiler version '192829333'; Build Type 'Release'
OS: 'Windows 11  (10.0.26200) 64bit CoreSingleLanguage' Language: 'es' Physical Memory: 16088 MB
BatchMode: 1, IsHumanControllingUs: 0, StartBugReporterOnCrash: 0, Is64bit: 1, IsPro: 1

COMMAND LINE ARGUMENTS:
C:\Program Files\Unity\Hub\Editor\2021.3.31f1\Editor\Unity.exe
-adb2
-batchMode
-noUpm
-name
AssetImportWorker0
-projectPath
C:/Users/angelo/Unity/VR_Escape_room_2021
-logFile
Logs/AssetImportWorker0.log
-srvPort
51982
Successfully changed project path to: C:/Users/angelo/Unity/VR_Escape_room_2021
C:/Users/angelo/Unity/VR_Escape_room_2021
[UnityMemory] Configuration Parameters - Can be set up in boot.config
    "memorysetup-bucket-allocator-granularity=16"
    "memorysetup-bucket-allocator-bucket-count=8"
    "memorysetup-bucket-allocator-block-size=33554432"
    "memorysetup-bucket-allocator-block-count=8"
    "memorysetup-main-allocator-block-size=16777216"
    "memorysetup-thread-allocator-block-size=16777216"
    "memorysetup-gfx-main-allocator-block-size=16777216"
    "memorysetup-gfx-thread-allocator-block-size=16777216"
    "memorysetup-cache-allocator-block-size=4194304"
    "memorysetup-typetree-allocator-block-size=2097152"
    "memorysetup-profiler-bucket-allocator-granularity=16"
    "memorysetup-profiler-bucket-allocator-bucket-count=8"
    "memorysetup-profiler-bucket-allocator-block-size=33554432"
    "memorysetup-profiler-bucket-allocator-block-count=8"
    "memorysetup-profiler-allocator-block-size=16777216"
    "memorysetup-profiler-editor-allocator-block-size=1048576"
    "memorysetup-temp-allocator-size-main=16777216"
    "memorysetup-job-temp-allocator-block-size=2097152"
    "memorysetup-job-temp-allocator-block-size-background=1048576"
    "memorysetup-job-temp-allocator-reduction-small-platforms=262144"
    "memorysetup-temp-allocator-size-background-worker=32768"
    "memorysetup-temp-allocator-size-job-worker=262144"
    "memorysetup-temp-allocator-size-preload-manager=33554432"
    "memorysetup-temp-allocator-size-nav-mesh-worker=65536"
    "memorysetup-temp-allocator-size-audio-worker=65536"
    "memorysetup-temp-allocator-size-cloud-worker=32768"
    "memorysetup-temp-allocator-size-gi-baking-worker=262144"
    "memorysetup-temp-allocator-size-gfx=262144"
Player connection [7172] Host "[IP] 10.227.238.125 [Port] 0 [Flags] 2 [Guid] 1621271616 [EditorId] 1621271616 [Version] 1048832 [Id] WindowsEditor(7,DESKTOP-FRPR941) [Debug] 1 [PackageName] WindowsEditor [ProjectName] Editor" joined multi-casting on [225.0.0.222:54997]...

Player connection [7172] Host "[IP] 10.227.238.125 [Port] 0 [Flags] 2 [Guid] 1621271616 [EditorId] 1621271616 [Version] 1048832 [Id] WindowsEditor(7,DESKTOP-FRPR941) [Debug] 1 [PackageName] WindowsEditor [ProjectName] Editor" joined alternative multi-casting on [225.0.0.222:34997]...

[Physics::Module] Initialized MultithreadedJobDispatcher with {0} workers.
Refreshing native plugins compatible for Editor in 86.96 ms, found 15 plugins.
Preloading 2 native plugins for Editor in 1.83 ms.
Initialize engine version: 2021.3.31f1 (3409e2af086f)
[Subsystems] Discovering subsystems at path C:/Program Files/Unity/Hub/Editor/2021.3.31f1/Editor/Data/Resources/UnitySubsystems
[Subsystems] Discovering subsystems at path C:/Users/angelo/Unity/VR_Escape_room_2021/Assets
GfxDevice: creating device client; threaded=0; jobified=0
Direct3D:
    Version:  Direct3D 11.0 [level 11.1]
    Renderer: NVIDIA GeForce RTX 4060 Laptop GPU (ID=0x28a0)
    Vendor:   NVIDIA
    VRAM:     7957 MB
    Driver:   32.0.15.8115
Initialize mono
Mono path[0] = 'C:/Program Files/Unity/Hub/Editor/2021.3.31f1/Editor/Data/Managed'
Mono path[1] = 'C:/Program Files/Unity/Hub/Editor/2021.3.31f1/Editor/Data/MonoBleedingEdge/lib/mono/unityjit-win32'
Mono config path = 'C:/Program Files/Unity/Hub/Editor/2021.3.31f1/Editor/Data/MonoBleedingEdge/etc'
Using monoOptions --debugger-agent=transport=dt_socket,embedding=1,server=y,suspend=n,address=127.0.0.1:56684
Begin MonoManager ReloadAssembly
Registering precompiled unity dll's ...
Register platform support module: C:/Program Files/Unity/Hub/Editor/2021.3.31f1/Editor/Data/PlaybackEngines/AndroidPlayer/UnityEditor.Android.Extensions.dll
Register platform support module: C:/Program Files/Unity/Hub/Editor/2021.3.31f1/Editor/Data/PlaybackEngines/WindowsStandaloneSupport/UnityEditor.WindowsStandalone.Extensions.dll
Register platform support module: C:/Program Files/Unity/Hub/Editor/2021.3.31f1/Editor/Data/PlaybackEngines/MetroSupport/UnityEditor.UWP.Extensions.dll
Registered in 0.004689 seconds.
Native extension for UWP target not found
Native extension for WindowsStandalone target not found
Native extension for Android target not found
Android Extension - Scanning For ADB Devices 206 ms
Refreshing native plugins compatible for Editor in 86.39 ms, found 15 plugins.
Preloading 2 native plugins for Editor in 0.15 ms.
Mono: successfully reloaded assembly
- Completed reload, in  0.694 seconds
Domain Reload Profiling:
	ReloadAssembly (694ms)
		BeginReloadAssembly (64ms)
			ExecutionOrderSort (0ms)
			DisableScriptedObjects (0ms)
			BackupInstance (0ms)
			ReleaseScriptingObjects (0ms)
			CreateAndSetChildDomain (0ms)
		EndReloadAssembly (566ms)
			LoadAssemblies (63ms)
			RebuildTransferFunctionScriptingTraits (0ms)
			SetupTypeCache (68ms)
			ReleaseScriptCaches (0ms)
			RebuildScriptCaches (18ms)
			SetupLoadedEditorAssemblies (450ms)
				LogAssemblyErrors (0ms)
				InitializePlatformSupportModulesInManaged (279ms)
				SetLoadedEditorAssemblies (0ms)
				RefreshPlugins (87ms)
				BeforeProcessingInitializeOnLoad (1ms)
				ProcessInitializeOnLoadAttributes (53ms)
				ProcessInitializeOnLoadMethodAttributes (30ms)
				AfterProcessingInitializeOnLoad (0ms)
				EditorAssembliesLoaded (0ms)
			ExecutionOrderSort2 (0ms)
			AwakeInstancesAfterBackupRestoration (0ms)
Platform modules already initialized, skipping
Registering precompiled user dll's ...
Registered in 0.007829 seconds.
Begin MonoManager ReloadAssembly
Symbol file LoadedFromMemory is not a mono symbol file
Native extension for UWP target not found
Native extension for WindowsStandalone target not found
Native extension for Android target not found
Refreshing native plugins compatible for Editor in 78.26 ms, found 15 plugins.
Preloading 2 native plugins for Editor in 0.21 ms.
Package Manager log level set to [2]
[Package Manager] Server::EnsureServerProcessIsRunning -- launch failed, reason: Unity was launched with the -noUpm command-line argument
[Package Manager] Cannot connect to Unity Package Manager local server
[Package Manager] Server::EnsureServerProcessIsRunning -- launch failed, reason: Unity was launched with the -noUpm command-line argument
[Package Manager] Cannot connect to Unity Package Manager local server
Mono: successfully reloaded assembly
- Completed reload, in  1.425 seconds
Domain Reload Profiling:
	ReloadAssembly (1425ms)
		BeginReloadAssembly (82ms)
			ExecutionOrderSort (0ms)
			DisableScriptedObjects (3ms)
			BackupInstance (0ms)
			ReleaseScriptingObjects (0ms)
			CreateAndSetChildDomain (12ms)
		EndReloadAssembly (1270ms)
			LoadAssemblies (95ms)
			RebuildTransferFunctionScriptingTraits (0ms)
			SetupTypeCache (229ms)
			ReleaseScriptCaches (0ms)
			RebuildScriptCaches (52ms)
			SetupLoadedEditorAssemblies (862ms)
				LogAssemblyErrors (0ms)
				InitializePlatformSupportModulesInManaged (14ms)
				SetLoadedEditorAssemblies (0ms)
				RefreshPlugins (79ms)
				BeforeProcessingInitializeOnLoad (91ms)
				ProcessInitializeOnLoadAttributes (586ms)
				ProcessInitializeOnLoadMethodAttributes (88ms)
				AfterProcessingInitializeOnLoad (5ms)
				EditorAssembliesLoaded (0ms)
			ExecutionOrderSort2 (0ms)
			AwakeInstancesAfterBackupRestoration (4ms)
Platform modules already initialized, skipping
========================================================================
Worker process is ready to serve import requests
Launched and connected shader compiler UnityShaderCompiler.exe after 0.05 seconds
Refreshing native plugins compatible for Editor in 1.05 ms, found 15 plugins.
Preloading 2 native plugins for Editor in 0.12 ms.
Unloading 6780 Unused Serialized files (Serialized files now loaded: 0)
Unloading 105 unused Assets / (52.5 KB). Loaded Objects now: 7227.
Memory consumption went from 253.8 MB to 253.7 MB.
Total: 3.090000 ms (FindLiveObjects: 0.350000 ms CreateObjectMapping: 0.146600 ms MarkObjects: 2.492200 ms  DeleteObjects: 0.100500 ms)

AssetImportParameters requested are different than current active one (requested -> active):
  custom:video-decoder-ogg-theora: a1e56fd34408186e4bbccfd4996cb3dc -> 
  custom:container-muxer-webm: aa71ff27fc2769a1b78a27578f13a17b -> 
  custom:container-demuxer-webm: 4f35f7cbe854078d1ac9338744f61a02 -> 
  custom:video-encoder-webm-vp8: eb34c28f22e8b96e1ab97ce403110664 -> 
  custom:video-codec-MediaFoundation-h265: 746d11721c4dcdbdad8f713fa42b33f4 -> 
  custom:CustomObjectIndexerAttribute: bc11b3a6c3213fcdd17b65e7da85e133 -> 
  custom:audio-encoder-webm-vorbis: bf7c407c2cedff20999df2af8eb42d56 -> 
  custom:framework-win-MediaFoundation: 216162199b28c13a410421893ffa2e32 -> 
  custom:SearchIndexIgnoredProperties: e643bd26f0fe6173181afceb89e7c659 -> 
  custom:container-demuxer-ogg: 62fdf1f143b41e24485cea50d1cbac27 -> 
  custom:video-decoder-webm-vp8: 9c59270c3fd7afecdb556c50c9e8de78 -> 
  custom:audio-decoder-ogg-vorbis: bf7c407c2cedff20999df2af8eb42d56 -> 
========================================================================
Received Import Request.
  Time since last request: 396.487432 seconds.
  path: Assets/Objects FBX/art-museum-vr/source/Classic museum.fbx
  artifactKey: Guid(6d4424f77baa3dd47beb3206c2fdb871) Importer(815301076,1909f56bfc062723c751e8b465ee728b)
Number of updated assets reloaded before import = 0
Start importing Assets/Objects FBX/art-museum-vr/source/Classic museum.fbx using Guid(6d4424f77baa3dd47beb3206c2fdb871) Importer(815301076,1909f56bfc062723c751e8b465ee728b)  -> (artifact id: 'cf7dcbf07a7d7babf9c39471d661bf8d') in 0.640595 seconds 
Number of asset objects unloaded after import = 129
========================================================================
Received Import Request.
  Time since last request: 8.807399 seconds.
  path: Assets/Objects FBX/art-museum-vr/Materials/Floor.mat
  artifactKey: Guid(2c4f54d35a5151e408c920b34df1c5e8) Importer(815301076,1909f56bfc062723c751e8b465ee728b)
Number of updated assets reloaded before import = 0
Start importing Assets/Objects FBX/art-museum-vr/Materials/Floor.mat using Guid(2c4f54d35a5151e408c920b34df1c5e8) Importer(815301076,1909f56bfc062723c751e8b465ee728b)  -> (artifact id: '3f8c94a0a674ed93ad7374be7e738106') in 0.035644 seconds 
Number of asset objects unloaded after import = 1
========================================================================
Received Import Request.
  Time since last request: 26.274564 seconds.
  path: Assets/Objects FBX/art-museum-vr/Materials/wood_floor_worn_diff_1k.jpg
  artifactKey: Guid(d9423637e70810c41ae89280048d1c22) Importer(815301076,1909f56bfc062723c751e8b465ee728b)
Number of updated assets reloaded before import = 0
Start importing Assets/Objects FBX/art-museum-vr/Materials/wood_floor_worn_diff_1k.jpg using Guid(d9423637e70810c41ae89280048d1c22) Importer(815301076,1909f56bfc062723c751e8b465ee728b)  -> (artifact id: '93b5864f013bf105bd9acf6a5c70b430') in 0.067031 seconds 
Number of asset objects unloaded after import = 2
========================================================================
Received Import Request.
  Time since last request: 13.492769 seconds.
  path: Assets/Objects FBX/art-museum-vr/Materials/wood_floor_worn_disp_1k.png
  artifactKey: Guid(b480a7a678069a1499a0ae3c374d09c2) Importer(815301076,1909f56bfc062723c751e8b465ee728b)
Number of updated assets reloaded before import = 0
Start importing Assets/Objects FBX/art-museum-vr/Materials/wood_floor_worn_disp_1k.png using Guid(b480a7a678069a1499a0ae3c374d09c2) Importer(815301076,1909f56bfc062723c751e8b465ee728b)  -> (artifact id: '2fa98af5b1c3e52c1c2429d221b82278') in 0.050423 seconds 
Number of asset objects unloaded after import = 2
========================================================================
Received Import Request.
  Time since last request: 30.202577 seconds.
  path: Assets/Oculus/Voice/Lib/Wit.ai/Resources/witai.png
  artifactKey: Guid(d3b5ac4c8b01ef14a8a66d7e2a4991cc) Importer(815301076,1909f56bfc062723c751e8b465ee728b)
Number of updated assets reloaded before import = 0
Start importing Assets/Oculus/Voice/Lib/Wit.ai/Resources/witai.png using Guid(d3b5ac4c8b01ef14a8a66d7e2a4991cc) Importer(815301076,1909f56bfc062723c751e8b465ee728b)  -> (artifact id: '32891a766896d9b80fd4a6d8118b562c') in 0.074301 seconds 
Number of asset objects unloaded after import = 3
========================================================================
Received Import Request.
  Time since last request: 0.000018 seconds.
  path: Assets/Objects FBX/Tool_Material/wood_BAMP.jpg
  artifactKey: Guid(d04b07aaf35568744b1c8e041bce1cd4) Importer(815301076,1909f56bfc062723c751e8b465ee728b)
Number of updated assets reloaded before import = 0
Start importing Assets/Objects FBX/Tool_Material/wood_BAMP.jpg using Guid(d04b07aaf35568744b1c8e041bce1cd4) Importer(815301076,1909f56bfc062723c751e8b465ee728b)  -> (artifact id: '080209eb37422c3d02c011c633c1ef7a') in 0.260610 seconds 
Number of asset objects unloaded after import = 2
========================================================================
Received Import Request.
  Time since last request: 0.000023 seconds.
  path: Assets/Objects FBX/Tool_Material/wood_SPEC.jpg
  artifactKey: Guid(5f6ca2cecf4730740a0492c03057a4d0) Importer(815301076,1909f56bfc062723c751e8b465ee728b)
Number of updated assets reloaded before import = 0
Start importing Assets/Objects FBX/Tool_Material/wood_SPEC.jpg using Guid(5f6ca2cecf4730740a0492c03057a4d0) Importer(815301076,1909f56bfc062723c751e8b465ee728b)  -> (artifact id: '05196ec045fa10544c94383409562ce5') in 0.132692 seconds 
Number of asset objects unloaded after import = 2
========================================================================
Received Import Request.
  Time since last request: 1.705193 seconds.
  path: Assets/Oculus/Voice/Lib/Wit.ai/Documentation/VoiceEventsDiagram.png
  artifactKey: Guid(f9d0f3319db97e04181db42930d90a4f) Importer(815301076,1909f56bfc062723c751e8b465ee728b)
Number of updated assets reloaded before import = 0
Start importing Assets/Oculus/Voice/Lib/Wit.ai/Documentation/VoiceEventsDiagram.png using Guid(f9d0f3319db97e04181db42930d90a4f) Importer(815301076,1909f56bfc062723c751e8b465ee728b)  -> (artifact id: '36d4881c3bfb543e8221c6c11a93b669') in 0.132389 seconds 
Number of asset objects unloaded after import = 2
========================================================================
Received Import Request.
  Time since last request: 0.000023 seconds.
  path: Assets/Oculus/Voice/Resources/voicesdk_heroart.png
  artifactKey: Guid(41df4ab8a05595e49b2f2d150e753bf7) Importer(815301076,1909f56bfc062723c751e8b465ee728b)
Number of updated assets reloaded before import = 0
Start importing Assets/Oculus/Voice/Resources/voicesdk_heroart.png using Guid(41df4ab8a05595e49b2f2d150e753bf7) Importer(815301076,1909f56bfc062723c751e8b465ee728b)  -> (artifact id: '7bd3455c136d5f12e2cfcbe748e314fc') in 0.048914 seconds 
Number of asset objects unloaded after import = 2
========================================================================
Received Import Request.
  Time since last request: 1.553676 seconds.
  path: Assets/Oculus/Voice/Lib/Wit.ai/Features/TTS/Documentation/Images/tts_speaker_audiosource.png
  artifactKey: Guid(3387a752287aa7845892fd1c1ca0eb8f) Importer(815301076,1909f56bfc062723c751e8b465ee728b)
Number of updated assets reloaded before import = 0
Start importing Assets/Oculus/Voice/Lib/Wit.ai/Features/TTS/Documentation/Images/tts_speaker_audiosource.png using Guid(3387a752287aa7845892fd1c1ca0eb8f) Importer(815301076,1909f56bfc062723c751e8b465ee728b)  -> (artifact id: '2a9468450ca8ce76f70fc617ecb61644') in 0.077707 seconds 
Number of asset objects unloaded after import = 2
========================================================================
Received Import Request.
  Time since last request: 0.000015 seconds.
  path: Assets/Oculus/Voice/Documentation/Samples/TTSVoices/TTSVoices.jpg
  artifactKey: Guid(6a3a8152e0be7454fa26d9ba0ad6c0a7) Importer(815301076,1909f56bfc062723c751e8b465ee728b)
Number of updated assets reloaded before import = 0
Start importing Assets/Oculus/Voice/Documentation/Samples/TTSVoices/TTSVoices.jpg using Guid(6a3a8152e0be7454fa26d9ba0ad6c0a7) Importer(815301076,1909f56bfc062723c751e8b465ee728b)  -> (artifact id: '4fb06ad44dfebeabea66942760c5daa9') in 0.062492 seconds 
Number of asset objects unloaded after import = 2
========================================================================
Received Import Request.
  Time since last request: 0.000028 seconds.
  path: Assets/Samples/XR Interaction Toolkit/2.3.1/XR Device Simulator/UI/General/Unlocked.png
  artifactKey: Guid(f01f3bb228b3b4251a04e2036212d115) Importer(815301076,1909f56bfc062723c751e8b465ee728b)
Number of updated assets reloaded before import = 0
Start importing Assets/Samples/XR Interaction Toolkit/2.3.1/XR Device Simulator/UI/General/Unlocked.png using Guid(f01f3bb228b3b4251a04e2036212d115) Importer(815301076,1909f56bfc062723c751e8b465ee728b)  -> (artifact id: 'f35cbf11cb930084249f743fc77a1d89') in 0.101283 seconds 
Number of asset objects unloaded after import = 3
========================================================================
Received Import Request.
  Time since last request: 0.013249 seconds.
  path: Assets/Objects FBX/Darth_Artisan/Free_Trees/Textures/tree_diffuse.png
  artifactKey: Guid(255283d354122406ebf8159c5ea35b7d) Importer(815301076,1909f56bfc062723c751e8b465ee728b)
Number of updated assets reloaded before import = 0
Start importing Assets/Objects FBX/Darth_Artisan/Free_Trees/Textures/tree_diffuse.png using Guid(255283d354122406ebf8159c5ea35b7d) Importer(815301076,1909f56bfc062723c751e8b465ee728b)  -> (artifact id: '0d46fb47db9e7353c986f644e390c197') in 0.046741 seconds 
Number of asset objects unloaded after import = 2
========================================================================
Received Import Request.
  Time since last request: 0.000016 seconds.
  path: Assets/Objects FBX/Random Materials/textures/texture_wood_0n.jpg
  artifactKey: Guid(02b12f617e97b5a45b561ee59bbf2c9d) Importer(815301076,1909f56bfc062723c751e8b465ee728b)
Number of updated assets reloaded before import = 0
Start importing Assets/Objects FBX/Random Materials/textures/texture_wood_0n.jpg using Guid(02b12f617e97b5a45b561ee59bbf2c9d) Importer(815301076,1909f56bfc062723c751e8b465ee728b)  -> (artifact id: '14e351eba1f0165b74fa47d373683482') in 0.091560 seconds 
Number of asset objects unloaded after import = 2
========================================================================
Received Import Request.
  Time since last request: 0.000020 seconds.
  path: Assets/Oculus/Voice/Documentation/Samples/Shapes/Shapes.jpg
  artifactKey: Guid(e227a4e87f5b251408b0035aeb15fcae) Importer(815301076,1909f56bfc062723c751e8b465ee728b)
Number of updated assets reloaded before import = 0
Start importing Assets/Oculus/Voice/Documentation/Samples/Shapes/Shapes.jpg using Guid(e227a4e87f5b251408b0035aeb15fcae) Importer(815301076,1909f56bfc062723c751e8b465ee728b)  -> (artifact id: '73c4671475aef65d3c7a8d127477dbe5') in 0.064832 seconds 
Number of asset objects unloaded after import = 2
========================================================================
Received Import Request.
  Time since last request: 0.000032 seconds.
  path: Assets/UnityTechnologies/SpaceRobotKyle/Textures/Robot_Color.tga
  artifactKey: Guid(0a0e8af2869fa45f78e25460db578482) Importer(815301076,1909f56bfc062723c751e8b465ee728b)
Number of updated assets reloaded before import = 0
Start importing Assets/UnityTechnologies/SpaceRobotKyle/Textures/Robot_Color.tga using Guid(0a0e8af2869fa45f78e25460db578482) Importer(815301076,1909f56bfc062723c751e8b465ee728b)  -> (artifact id: '4452e0870ec1f256dcb1437fbdaa0503') in 0.053729 seconds 
Number of asset objects unloaded after import = 2
========================================================================
Received Import Request.
  Time since last request: 0.000015 seconds.
  path: Assets/Samples/XR Interaction Toolkit/2.3.1/XR Device Simulator/UI/HeadDevice/Movement.png
  artifactKey: Guid(1d56a2d39cfbb49149abbf0076259327) Importer(815301076,1909f56bfc062723c751e8b465ee728b)
Number of updated assets reloaded before import = 0
Start importing Assets/Samples/XR Interaction Toolkit/2.3.1/XR Device Simulator/UI/HeadDevice/Movement.png using Guid(1d56a2d39cfbb49149abbf0076259327) Importer(815301076,1909f56bfc062723c751e8b465ee728b)  -> (artifact id: '45cf61fca72ba1e61662fbdc5e2abf20') in 0.040916 seconds 
Number of asset objects unloaded after import = 3
========================================================================
Received Import Request.
  Time since last request: 0.000023 seconds.
  path: Assets/Objects FBX/Tool_Material/Metals_Greasy_BAMP.jpg
  artifactKey: Guid(99be531bb3ee0b24a89fb52102623771) Importer(815301076,1909f56bfc062723c751e8b465ee728b)
Number of updated assets reloaded before import = 0
Start importing Assets/Objects FBX/Tool_Material/Metals_Greasy_BAMP.jpg using Guid(99be531bb3ee0b24a89fb52102623771) Importer(815301076,1909f56bfc062723c751e8b465ee728b)  -> (artifact id: 'e551b793744816c329eab11732f977af') in 0.054458 seconds 
Number of asset objects unloaded after import = 2
========================================================================
Received Import Request.
  Time since last request: 0.000019 seconds.
  path: Assets/Objects FBX/Random Materials/plantTX.png
  artifactKey: Guid(89f8d73879283194686d1e88cf49c1c5) Importer(815301076,1909f56bfc062723c751e8b465ee728b)
Number of updated assets reloaded before import = 0
Start importing Assets/Objects FBX/Random Materials/plantTX.png using Guid(89f8d73879283194686d1e88cf49c1c5) Importer(815301076,1909f56bfc062723c751e8b465ee728b)  -> (artifact id: 'd410e096d5dd24240e5ea2ca5a1ac910') in 0.099958 seconds 
Number of asset objects unloaded after import = 2
========================================================================
Received Import Request.
  Time since last request: 0.000017 seconds.
  path: Assets/Objects FBX/PKS_Laptoplow/PKS_Laptop_low/Textures/T_PKS_Laptop_low_BaseColor.png
  artifactKey: Guid(589c6515eefb67b43a99bb039830900a) Importer(815301076,1909f56bfc062723c751e8b465ee728b)
Number of updated assets reloaded before import = 0
Start importing Assets/Objects FBX/PKS_Laptoplow/PKS_Laptop_low/Textures/T_PKS_Laptop_low_BaseColor.png using Guid(589c6515eefb67b43a99bb039830900a) Importer(815301076,1909f56bfc062723c751e8b465ee728b)  -> (artifact id: '07789b3c45e7c2a0f3973b0435eab015') in 0.086437 seconds 
Number of asset objects unloaded after import = 2
========================================================================
Received Import Request.
  Time since last request: 0.000028 seconds.
  path: Assets/UnityTechnologies/SpaceRobotKyle/Textures/Robot_Normal.tga
  artifactKey: Guid(94c473c9137744d7eabd829f1150da8d) Importer(815301076,1909f56bfc062723c751e8b465ee728b)
Number of updated assets reloaded before import = 0
Start importing Assets/UnityTechnologies/SpaceRobotKyle/Textures/Robot_Normal.tga using Guid(94c473c9137744d7eabd829f1150da8d) Importer(815301076,1909f56bfc062723c751e8b465ee728b)  -> (artifact id: '2bd96362de22ac8a9cb3a8027fb68d9f') in 0.059401 seconds 
Number of asset objects unloaded after import = 2
========================================================================
Received Import Request.
  Time since last request: 0.000018 seconds.
  path: Assets/Objects FBX/PKS_Laptoplow/PKS_Laptop_low/Textures/T_PKS_Laptop_low_MetallicSmoothness.png
  artifactKey: Guid(8d600edeedcb61246b376c6cc54bc12d) Importer(815301076,1909f56bfc062723c751e8b465ee728b)
Number of updated assets reloaded before import = 0
Start importing Assets/Objects FBX/PKS_Laptoplow/PKS_Laptop_low/Textures/T_PKS_Laptop_low_MetallicSmoothness.png using Guid(8d600edeedcb61246b376c6cc54bc12d) Importer(815301076,1909f56bfc062723c751e8b465ee728b)  -> (artifact id: '0c04634beed330a3e2a03e68a7e74db9') in 0.059972 seconds 
Number of asset objects unloaded after import = 2
========================================================================
Received Import Request.
  Time since last request: 0.000014 seconds.
  path: Assets/Objects FBX/Random Materials/textures/texture_wood_0d.jpg
  artifactKey: Guid(103a70d505b6cdb4493d40ebd84c41a0) Importer(815301076,1909f56bfc062723c751e8b465ee728b)
Number of updated assets reloaded before import = 0
Start importing Assets/Objects FBX/Random Materials/textures/texture_wood_0d.jpg using Guid(103a70d505b6cdb4493d40ebd84c41a0) Importer(815301076,1909f56bfc062723c751e8b465ee728b)  -> (artifact id: '576be036425a0c1da9df41a35343ac6c') in 0.117704 seconds 
Number of asset objects unloaded after import = 2
========================================================================
Received Import Request.
  Time since last request: 0.000015 seconds.
  path: Assets/TextMesh Pro/Resources/Fonts & Materials/LiberationSans SDF - Fallback.asset
  artifactKey: Guid(2e498d1c8094910479dc3e1b768306a4) Importer(815301076,1909f56bfc062723c751e8b465ee728b)
Number of updated assets reloaded before import = 0
Start importing Assets/TextMesh Pro/Resources/Fonts & Materials/LiberationSans SDF - Fallback.asset using Guid(2e498d1c8094910479dc3e1b768306a4) Importer(815301076,1909f56bfc062723c751e8b465ee728b)  -> (artifact id: 'bcd50c684b496832ed89728e129f0b0a') in 0.060326 seconds 
Number of asset objects unloaded after import = 6
========================================================================
Received Import Request.
  Time since last request: 0.000026 seconds.
  path: Assets/Objects FBX/Random Materials/textures/texture_bookshelf_001_h.jpg
  artifactKey: Guid(6759a538857780440953f692e07f823c) Importer(815301076,1909f56bfc062723c751e8b465ee728b)
Number of updated assets reloaded before import = 0
Start importing Assets/Objects FBX/Random Materials/textures/texture_bookshelf_001_h.jpg using Guid(6759a538857780440953f692e07f823c) Importer(815301076,1909f56bfc062723c751e8b465ee728b)  -> (artifact id: '028fd458c4e2a226ab0dda4612307de1') in 0.070592 seconds 
Number of asset objects unloaded after import = 2
========================================================================
Received Import Request.
  Time since last request: 0.000017 seconds.
  path: Assets/Objects FBX/PKS_Laptoplow/PKS_Laptop_low/Textures/T_PKS_Laptop_low_AmbientOcclusion.png
  artifactKey: Guid(353f8386c02258b42ac69004295155bc) Importer(815301076,1909f56bfc062723c751e8b465ee728b)
Number of updated assets reloaded before import = 0
Start importing Assets/Objects FBX/PKS_Laptoplow/PKS_Laptop_low/Textures/T_PKS_Laptop_low_AmbientOcclusion.png using Guid(353f8386c02258b42ac69004295155bc) Importer(815301076,1909f56bfc062723c751e8b465ee728b)  -> (artifact id: 'b73cce9dda6d89ef21c16ccd8f7f721d') in 0.063820 seconds 
Number of asset objects unloaded after import = 2
========================================================================
Received Import Request.
  Time since last request: 0.000023 seconds.
  path: Assets/Objects FBX/PKS_Laptoplow/PKS_Laptop_low/Textures/T_PKS_Laptop_low_Emission.png
  artifactKey: Guid(02c0439afdd2aee4aad892c33bbd6068) Importer(815301076,1909f56bfc062723c751e8b465ee728b)
Number of updated assets reloaded before import = 0
Start importing Assets/Objects FBX/PKS_Laptoplow/PKS_Laptop_low/Textures/T_PKS_Laptop_low_Emission.png using Guid(02c0439afdd2aee4aad892c33bbd6068) Importer(815301076,1909f56bfc062723c751e8b465ee728b)  -> (artifact id: '43c3ec19d4194dd0694f6e854ca442b7') in 0.050162 seconds 
Number of asset objects unloaded after import = 2
========================================================================
Received Import Request.
  Time since last request: 0.000017 seconds.
  path: Assets/Oculus/Voice/Features/VoiceHub/Hub/Pages/WhatsNew/Images/ood.png
  artifactKey: Guid(19b27aedc66387a4498eadde5cf95a81) Importer(815301076,1909f56bfc062723c751e8b465ee728b)
Number of updated assets reloaded before import = 0
Start importing Assets/Oculus/Voice/Features/VoiceHub/Hub/Pages/WhatsNew/Images/ood.png using Guid(19b27aedc66387a4498eadde5cf95a81) Importer(815301076,1909f56bfc062723c751e8b465ee728b)  -> (artifact id: '1cd79ca9690966e12f692c164685da9f') in 0.071086 seconds 
Number of asset objects unloaded after import = 2
========================================================================
Received Import Request.
  Time since last request: 0.001692 seconds.
  path: Assets/Samples/XR Interaction Toolkit/2.3.1/XR Device Simulator/UI/General/OpenWindow.png
  artifactKey: Guid(633d1ace045fe402a9b307cb58251aa4) Importer(815301076,1909f56bfc062723c751e8b465ee728b)
Number of updated assets reloaded before import = 0
Start importing Assets/Samples/XR Interaction Toolkit/2.3.1/XR Device Simulator/UI/General/OpenWindow.png using Guid(633d1ace045fe402a9b307cb58251aa4) Importer(815301076,1909f56bfc062723c751e8b465ee728b)  -> (artifact id: '1761e803f4b53b1cdbae0b3039e6a5d2') in 0.059083 seconds 
Number of asset objects unloaded after import = 3
========================================================================
Received Import Request.
  Time since last request: 0.000023 seconds.
  path: Assets/Oculus/Voice/Lib/Wit.ai/Features/TTS/Documentation/Images/tts_service_settings.png
  artifactKey: Guid(a3ec408155652024f94168a419eabdcc) Importer(815301076,1909f56bfc062723c751e8b465ee728b)
Number of updated assets reloaded before import = 0
Start importing Assets/Oculus/Voice/Lib/Wit.ai/Features/TTS/Documentation/Images/tts_service_settings.png using Guid(a3ec408155652024f94168a419eabdcc) Importer(815301076,1909f56bfc062723c751e8b465ee728b)  -> (artifact id: '19fad74307c72ed1c607347878cc1961') in 0.050698 seconds 
Number of asset objects unloaded after import = 2
========================================================================
Received Import Request.
  Time since last request: 588.340072 seconds.
  path: Assets/Objects FBX/art-museum-vr/Materials/red_plaster_weathered_disp_1k.png
  artifactKey: Guid(f872b5cbbce0daa42b9524424f908110) Importer(815301076,1909f56bfc062723c751e8b465ee728b)
Number of updated assets reloaded before import = 0
Start importing Assets/Objects FBX/art-museum-vr/Materials/red_plaster_weathered_disp_1k.png using Guid(f872b5cbbce0daa42b9524424f908110) Importer(815301076,1909f56bfc062723c751e8b465ee728b)  -> (artifact id: '5110fbab98978bd870a0adbe8d84d301') in 0.058243 seconds 
Number of asset objects unloaded after import = 2
========================================================================
Received Import Request.
  Time since last request: 184.259869 seconds.
  path: Assets/Objects FBX/art-museum-vr/Materials/painted_plaster_wall_disp_1k.png
  artifactKey: Guid(1ee3cbb788426a1449e23f5fc6c32c6c) Importer(815301076,1909f56bfc062723c751e8b465ee728b)
Number of updated assets reloaded before import = 0
Start importing Assets/Objects FBX/art-museum-vr/Materials/painted_plaster_wall_disp_1k.png using Guid(1ee3cbb788426a1449e23f5fc6c32c6c) Importer(815301076,1909f56bfc062723c751e8b465ee728b)  -> (artifact id: '2309b0b6c6f530ce9d0a094505d1b2f8') in 0.050826 seconds 
Number of asset objects unloaded after import = 2
========================================================================
Received Import Request.
  Time since last request: 315.366323 seconds.
  path: Assets/Objects FBX/art-museum-vr/Materials/clay_plaster_disp_1k.png
  artifactKey: Guid(49c68d329ea8c934da14481890d4816c) Importer(815301076,1909f56bfc062723c751e8b465ee728b)
Number of updated assets reloaded before import = 0
Start importing Assets/Objects FBX/art-museum-vr/Materials/clay_plaster_disp_1k.png using Guid(49c68d329ea8c934da14481890d4816c) Importer(815301076,1909f56bfc062723c751e8b465ee728b)  -> (artifact id: 'bd2b96671fe730a5a136ed1c022aef11') in 0.053978 seconds 
Number of asset objects unloaded after import = 2
========================================================================
Received Import Request.
  Time since last request: 127.191994 seconds.
  path: Assets/Objects FBX/art-museum-vr/Materials/Roof.mat
  artifactKey: Guid(34f1a7f643038d645baa1d154fbe7f8c) Importer(815301076,1909f56bfc062723c751e8b465ee728b)
Number of updated assets reloaded before import = 0
Start importing Assets/Objects FBX/art-museum-vr/Materials/Roof.mat using Guid(34f1a7f643038d645baa1d154fbe7f8c) Importer(815301076,1909f56bfc062723c751e8b465ee728b)  -> (artifact id: '18b3ad429cefb077c35987c8a0c17d21') in 0.687821 seconds 
Number of asset objects unloaded after import = 3
