Using pre-set license
Built from '2021.3/staging' branch; Version is '2021.3.31f1 (3409e2af086f) revision 3410402'; Using compiler version '192829333'; Build Type 'Release'
OS: 'Windows 11  (10.0.26200) 64bit CoreSingleLanguage' Language: 'es' Physical Memory: 16088 MB
BatchMode: 1, IsHumanControllingUs: 0, StartBugReporterOnCrash: 0, Is64bit: 1, IsPro: 1

COMMAND LINE ARGUMENTS:
C:\Program Files\Unity\Hub\Editor\2021.3.31f1\Editor\Unity.exe
-adb2
-batchMode
-noUpm
-name
AssetImportWorker1
-projectPath
C:/Users/angelo/Unity/VR_Escape_room_2021
-logFile
Logs/AssetImportWorker1.log
-srvPort
51982
Successfully changed project path to: C:/Users/angelo/Unity/VR_Escape_room_2021
C:/Users/angelo/Unity/VR_Escape_room_2021
[UnityMemory] Configuration Parameters - Can be set up in boot.config
    "memorysetup-bucket-allocator-granularity=16"
    "memorysetup-bucket-allocator-bucket-count=8"
    "memorysetup-bucket-allocator-block-size=33554432"
    "memorysetup-bucket-allocator-block-count=8"
    "memorysetup-main-allocator-block-size=16777216"
    "memorysetup-thread-allocator-block-size=16777216"
    "memorysetup-gfx-main-allocator-block-size=16777216"
    "memorysetup-gfx-thread-allocator-block-size=16777216"
    "memorysetup-cache-allocator-block-size=4194304"
    "memorysetup-typetree-allocator-block-size=2097152"
    "memorysetup-profiler-bucket-allocator-granularity=16"
    "memorysetup-profiler-bucket-allocator-bucket-count=8"
    "memorysetup-profiler-bucket-allocator-block-size=33554432"
    "memorysetup-profiler-bucket-allocator-block-count=8"
    "memorysetup-profiler-allocator-block-size=16777216"
    "memorysetup-profiler-editor-allocator-block-size=1048576"
    "memorysetup-temp-allocator-size-main=16777216"
    "memorysetup-job-temp-allocator-block-size=2097152"
    "memorysetup-job-temp-allocator-block-size-background=1048576"
    "memorysetup-job-temp-allocator-reduction-small-platforms=262144"
    "memorysetup-temp-allocator-size-background-worker=32768"
    "memorysetup-temp-allocator-size-job-worker=262144"
    "memorysetup-temp-allocator-size-preload-manager=33554432"
    "memorysetup-temp-allocator-size-nav-mesh-worker=65536"
    "memorysetup-temp-allocator-size-audio-worker=65536"
    "memorysetup-temp-allocator-size-cloud-worker=32768"
    "memorysetup-temp-allocator-size-gi-baking-worker=262144"
    "memorysetup-temp-allocator-size-gfx=262144"
Player connection [11036] Host "[IP] 10.227.238.125 [Port] 0 [Flags] 2 [Guid] 3798072162 [EditorId] 3798072162 [Version] 1048832 [Id] WindowsEditor(7,DESKTOP-FRPR941) [Debug] 1 [PackageName] WindowsEditor [ProjectName] Editor" joined multi-casting on [225.0.0.222:54997]...

Player connection [11036] Host "[IP] 10.227.238.125 [Port] 0 [Flags] 2 [Guid] 3798072162 [EditorId] 3798072162 [Version] 1048832 [Id] WindowsEditor(7,DESKTOP-FRPR941) [Debug] 1 [PackageName] WindowsEditor [ProjectName] Editor" joined alternative multi-casting on [225.0.0.222:34997]...

[Physics::Module] Initialized MultithreadedJobDispatcher with {0} workers.
Refreshing native plugins compatible for Editor in 85.12 ms, found 15 plugins.
Preloading 2 native plugins for Editor in 1.78 ms.
Initialize engine version: 2021.3.31f1 (3409e2af086f)
[Subsystems] Discovering subsystems at path C:/Program Files/Unity/Hub/Editor/2021.3.31f1/Editor/Data/Resources/UnitySubsystems
[Subsystems] Discovering subsystems at path C:/Users/angelo/Unity/VR_Escape_room_2021/Assets
GfxDevice: creating device client; threaded=0; jobified=0
Direct3D:
    Version:  Direct3D 11.0 [level 11.1]
    Renderer: NVIDIA GeForce RTX 4060 Laptop GPU (ID=0x28a0)
    Vendor:   NVIDIA
    VRAM:     7957 MB
    Driver:   32.0.15.8115
Initialize mono
Mono path[0] = 'C:/Program Files/Unity/Hub/Editor/2021.3.31f1/Editor/Data/Managed'
Mono path[1] = 'C:/Program Files/Unity/Hub/Editor/2021.3.31f1/Editor/Data/MonoBleedingEdge/lib/mono/unityjit-win32'
Mono config path = 'C:/Program Files/Unity/Hub/Editor/2021.3.31f1/Editor/Data/MonoBleedingEdge/etc'
Using monoOptions --debugger-agent=transport=dt_socket,embedding=1,server=y,suspend=n,address=127.0.0.1:56452
Begin MonoManager ReloadAssembly
Registering precompiled unity dll's ...
Register platform support module: C:/Program Files/Unity/Hub/Editor/2021.3.31f1/Editor/Data/PlaybackEngines/AndroidPlayer/UnityEditor.Android.Extensions.dll
Register platform support module: C:/Program Files/Unity/Hub/Editor/2021.3.31f1/Editor/Data/PlaybackEngines/WindowsStandaloneSupport/UnityEditor.WindowsStandalone.Extensions.dll
Register platform support module: C:/Program Files/Unity/Hub/Editor/2021.3.31f1/Editor/Data/PlaybackEngines/MetroSupport/UnityEditor.UWP.Extensions.dll
Registered in 0.004841 seconds.
Native extension for UWP target not found
Native extension for WindowsStandalone target not found
Native extension for Android target not found
Android Extension - Scanning For ADB Devices 205 ms
Refreshing native plugins compatible for Editor in 85.98 ms, found 15 plugins.
Preloading 2 native plugins for Editor in 0.17 ms.
Mono: successfully reloaded assembly
- Completed reload, in  0.691 seconds
Domain Reload Profiling:
	ReloadAssembly (691ms)
		BeginReloadAssembly (66ms)
			ExecutionOrderSort (0ms)
			DisableScriptedObjects (0ms)
			BackupInstance (0ms)
			ReleaseScriptingObjects (0ms)
			CreateAndSetChildDomain (0ms)
		EndReloadAssembly (562ms)
			LoadAssemblies (65ms)
			RebuildTransferFunctionScriptingTraits (0ms)
			SetupTypeCache (69ms)
			ReleaseScriptCaches (0ms)
			RebuildScriptCaches (17ms)
			SetupLoadedEditorAssemblies (446ms)
				LogAssemblyErrors (0ms)
				InitializePlatformSupportModulesInManaged (278ms)
				SetLoadedEditorAssemblies (0ms)
				RefreshPlugins (86ms)
				BeforeProcessingInitializeOnLoad (1ms)
				ProcessInitializeOnLoadAttributes (52ms)
				ProcessInitializeOnLoadMethodAttributes (28ms)
				AfterProcessingInitializeOnLoad (0ms)
				EditorAssembliesLoaded (0ms)
			ExecutionOrderSort2 (0ms)
			AwakeInstancesAfterBackupRestoration (0ms)
Platform modules already initialized, skipping
Registering precompiled user dll's ...
Registered in 0.009209 seconds.
Begin MonoManager ReloadAssembly
Symbol file LoadedFromMemory is not a mono symbol file
Native extension for UWP target not found
Native extension for WindowsStandalone target not found
Native extension for Android target not found
Refreshing native plugins compatible for Editor in 77.27 ms, found 15 plugins.
Preloading 2 native plugins for Editor in 0.22 ms.
Package Manager log level set to [2]
Error saving file Library/StateCache/LayerSettings/9e/9ecc5c3c162a7aba29bafa64c8b94b7c.json. Error: System.IO.IOException: Sharing violation on path C:\Users\angelo\Unity\VR_Escape_room_2021\Library\StateCache\LayerSettings\9e\9ecc5c3c162a7aba29bafa64c8b94b7c.json
  at System.IO.FileStream..ctor (System.String path, System.IO.FileMode mode, System.IO.FileAccess access, System.IO.FileShare share, System.Int32 bufferSize, System.Boolean anonymous, System.IO.FileOptions options) [0x0019e] in <afe256a0391e468fbcdb82154daad696>:0 
  at System.IO.FileStream..ctor (System.String path, System.IO.FileMode mode, System.IO.FileAccess access, System.IO.FileShare share, System.Int32 bufferSize, System.IO.FileOptions options) [0x00000] in <afe256a0391e468fbcdb82154daad696>:0 
  at (wrapper remoting-invoke-with-check) System.IO.FileStream..ctor(string,System.IO.FileMode,System.IO.FileAccess,System.IO.FileShare,int,System.IO.FileOptions)
  at System.IO.StreamWriter..ctor (System.String path, System.Boolean append, System.Text.Encoding encoding, System.Int32 bufferSize) [0x00055] in <afe256a0391e468fbcdb82154daad696>:0 
  at System.IO.StreamWriter..ctor (System.String path, System.Boolean append, System.Text.Encoding encoding) [0x00000] in <afe256a0391e468fbcdb82154daad696>:0 
  at (wrapper remoting-invoke-with-check) System.IO.StreamWriter..ctor(string,bool,System.Text.Encoding)
  at System.IO.File.WriteAllText (System.String path, System.String contents, System.Text.Encoding encoding) [0x00034] in <afe256a0391e468fbcdb82154daad696>:0 
  at UnityEditor.StateCache`1[T].SetState (UnityEngine.Hash128 key, T obj) [0x0004b] in <273a7cbcc8d7454ea7ae78e07082aa77>:0 
UnityEngine.StackTraceUtility:ExtractStackTrace ()
UnityEngine.DebugLogHandler:LogFormat (UnityEngine.LogType,UnityEngine.Object,string,object[])
UnityEngine.Logger:Log (UnityEngine.LogType,object)
UnityEngine.Debug:LogError (object)
UnityEditor.StateCache`1<UnityEditor.Tools/LayerSettings>:SetState (UnityEngine.Hash128,UnityEditor.Tools/LayerSettings)
UnityEditor.Tools:set_lockedLayers (int)
UnityEditor.Tools:OnEnable ()
UnityEngine.ScriptableObject:CreateInstance (System.Type)
UnityEngine.ScriptableObject:CreateInstance<UnityEditor.Tools> ()
UnityEditor.Tools:get_get ()
UnityEditor.Tools:get_visibleLayers ()
UnityEditor.Animations.Rigging.BoneRendererUtils:.cctor () (at Library/PackageCache/com.unity.animation.rigging@1.1.1/Editor/Utils/BoneRendererUtils.cs:121)
System.Runtime.CompilerServices.RuntimeHelpers:RunClassConstructor (System.RuntimeTypeHandle)
UnityEditor.EditorAssemblies:ProcessInitializeOnLoadAttributes (System.Type[])

(Filename: Library/PackageCache/com.unity.animation.rigging@1.1.1/Editor/Utils/BoneRendererUtils.cs Line: 121)

[Package Manager] Server::EnsureServerProcessIsRunning -- launch failed, reason: Unity was launched with the -noUpm command-line argument
[Package Manager] Cannot connect to Unity Package Manager local server
[Package Manager] Server::EnsureServerProcessIsRunning -- launch failed, reason: Unity was launched with the -noUpm command-line argument
[Package Manager] Cannot connect to Unity Package Manager local server
Mono: successfully reloaded assembly
- Completed reload, in  1.420 seconds
Domain Reload Profiling:
	ReloadAssembly (1421ms)
		BeginReloadAssembly (83ms)
			ExecutionOrderSort (0ms)
			DisableScriptedObjects (3ms)
			BackupInstance (0ms)
			ReleaseScriptingObjects (0ms)
			CreateAndSetChildDomain (12ms)
		EndReloadAssembly (1265ms)
			LoadAssemblies (96ms)
			RebuildTransferFunctionScriptingTraits (0ms)
			SetupTypeCache (229ms)
			ReleaseScriptCaches (0ms)
			RebuildScriptCaches (53ms)
			SetupLoadedEditorAssemblies (855ms)
				LogAssemblyErrors (0ms)
				InitializePlatformSupportModulesInManaged (13ms)
				SetLoadedEditorAssemblies (0ms)
				RefreshPlugins (78ms)
				BeforeProcessingInitializeOnLoad (90ms)
				ProcessInitializeOnLoadAttributes (581ms)
				ProcessInitializeOnLoadMethodAttributes (88ms)
				AfterProcessingInitializeOnLoad (5ms)
				EditorAssembliesLoaded (0ms)
			ExecutionOrderSort2 (0ms)
			AwakeInstancesAfterBackupRestoration (4ms)
Platform modules already initialized, skipping
========================================================================
Worker process is ready to serve import requests
Launched and connected shader compiler UnityShaderCompiler.exe after 0.03 seconds
Refreshing native plugins compatible for Editor in 1.12 ms, found 15 plugins.
Preloading 2 native plugins for Editor in 0.15 ms.
Unloading 6780 Unused Serialized files (Serialized files now loaded: 0)
Unloading 105 unused Assets / (52.5 KB). Loaded Objects now: 7227.
Memory consumption went from 253.9 MB to 253.9 MB.
Total: 2.925900 ms (FindLiveObjects: 0.304800 ms CreateObjectMapping: 0.139100 ms MarkObjects: 2.383800 ms  DeleteObjects: 0.097400 ms)

AssetImportParameters requested are different than current active one (requested -> active):
  custom:video-decoder-ogg-theora: a1e56fd34408186e4bbccfd4996cb3dc -> 
  custom:container-muxer-webm: aa71ff27fc2769a1b78a27578f13a17b -> 
  custom:container-demuxer-webm: 4f35f7cbe854078d1ac9338744f61a02 -> 
  custom:video-encoder-webm-vp8: eb34c28f22e8b96e1ab97ce403110664 -> 
  custom:video-codec-MediaFoundation-h265: 746d11721c4dcdbdad8f713fa42b33f4 -> 
  custom:CustomObjectIndexerAttribute: bc11b3a6c3213fcdd17b65e7da85e133 -> 
  custom:audio-encoder-webm-vorbis: bf7c407c2cedff20999df2af8eb42d56 -> 
  custom:framework-win-MediaFoundation: 216162199b28c13a410421893ffa2e32 -> 
  custom:SearchIndexIgnoredProperties: e643bd26f0fe6173181afceb89e7c659 -> 
  custom:container-demuxer-ogg: 62fdf1f143b41e24485cea50d1cbac27 -> 
  custom:video-decoder-webm-vp8: 9c59270c3fd7afecdb556c50c9e8de78 -> 
  custom:audio-decoder-ogg-vorbis: bf7c407c2cedff20999df2af8eb42d56 -> 
========================================================================
Received Import Request.
  Time since last request: 396.481251 seconds.
  path: Assets/Objects FBX/art-museum-vr/source/Empty.mat
  artifactKey: Guid(be50f1e2cd1e0e8459358d0f09a2e53b) Importer(815301076,1909f56bfc062723c751e8b465ee728b)
Number of updated assets reloaded before import = 0
Start importing Assets/Objects FBX/art-museum-vr/source/Empty.mat using Guid(be50f1e2cd1e0e8459358d0f09a2e53b) Importer(815301076,1909f56bfc062723c751e8b465ee728b)  -> (artifact id: 'bb260aac9d9c07d7f8a42d8a840a6027') in 0.208528 seconds 
Number of asset objects unloaded after import = 2
========================================================================
Received Import Request.
  Time since last request: 35.561776 seconds.
  path: Assets/Objects FBX/art-museum-vr/Materials/wood_floor_worn_disp_1k.png
  artifactKey: Guid(b480a7a678069a1499a0ae3c374d09c2) Importer(815301076,1909f56bfc062723c751e8b465ee728b)
Number of updated assets reloaded before import = 0
Start importing Assets/Objects FBX/art-museum-vr/Materials/wood_floor_worn_disp_1k.png using Guid(b480a7a678069a1499a0ae3c374d09c2) Importer(815301076,1909f56bfc062723c751e8b465ee728b)  -> (artifact id: '87775ee67fe0efc7af1d5a8c5f7142b7') in 0.068665 seconds 
Number of asset objects unloaded after import = 2
========================================================================
Received Import Request.
  Time since last request: 43.746925 seconds.
  path: Assets/Oculus/Voice/Features/VoiceHub/Hub/WitIcon.png
  artifactKey: Guid(05d75e9636af9ea48a52ac0688abdc44) Importer(815301076,1909f56bfc062723c751e8b465ee728b)
Number of updated assets reloaded before import = 0
Start importing Assets/Oculus/Voice/Features/VoiceHub/Hub/WitIcon.png using Guid(05d75e9636af9ea48a52ac0688abdc44) Importer(815301076,1909f56bfc062723c751e8b465ee728b)  -> (artifact id: 'cbc3ab7d07a2d5ada61fbb54358d2259') in 0.090942 seconds 
Number of asset objects unloaded after import = 3
========================================================================
Received Import Request.
  Time since last request: 0.000032 seconds.
  path: Assets/Objects FBX/Tool_Material/wood_DIFF.jpg
  artifactKey: Guid(577ff16ff1d8846469a35e75baee88fb) Importer(815301076,1909f56bfc062723c751e8b465ee728b)
Number of updated assets reloaded before import = 0
Start importing Assets/Objects FBX/Tool_Material/wood_DIFF.jpg using Guid(577ff16ff1d8846469a35e75baee88fb) Importer(815301076,1909f56bfc062723c751e8b465ee728b)  -> (artifact id: 'da698624bf228834f031abe4e331e14d') in 0.257232 seconds 
Number of asset objects unloaded after import = 2
========================================================================
Received Import Request.
  Time since last request: 1.825671 seconds.
  path: Assets/Oculus/Voice/Features/VoiceHub/Hub/voicesdk_heroart.png
  artifactKey: Guid(cd2570f7f408a2143874e22f3a34c9cb) Importer(815301076,1909f56bfc062723c751e8b465ee728b)
Number of updated assets reloaded before import = 0
Start importing Assets/Oculus/Voice/Features/VoiceHub/Hub/voicesdk_heroart.png using Guid(cd2570f7f408a2143874e22f3a34c9cb) Importer(815301076,1909f56bfc062723c751e8b465ee728b)  -> (artifact id: '7a8bb760695ebcca6f6fea474fdefeab') in 0.124906 seconds 
Number of asset objects unloaded after import = 2
========================================================================
Received Import Request.
  Time since last request: 0.000018 seconds.
  path: Assets/Oculus/Voice/Lib/Wit.ai/Resources/wit-ai-title.png
  artifactKey: Guid(6a61dbb599169b64ca5584c8eebeb69e) Importer(815301076,1909f56bfc062723c751e8b465ee728b)
Number of updated assets reloaded before import = 0
Start importing Assets/Oculus/Voice/Lib/Wit.ai/Resources/wit-ai-title.png using Guid(6a61dbb599169b64ca5584c8eebeb69e) Importer(815301076,1909f56bfc062723c751e8b465ee728b)  -> (artifact id: 'e0574b61566b9a3b413c8f52a6127207') in 0.056361 seconds 
Number of asset objects unloaded after import = 3
========================================================================
Received Import Request.
  Time since last request: 1.555885 seconds.
  path: Assets/Oculus/Voice/Lib/Wit.ai/Features/TTS/Documentation/Images/tts_speaker_voicesettings.png
  artifactKey: Guid(45b126b5c88878b42840b8dd157251b6) Importer(815301076,1909f56bfc062723c751e8b465ee728b)
Number of updated assets reloaded before import = 0
Start importing Assets/Oculus/Voice/Lib/Wit.ai/Features/TTS/Documentation/Images/tts_speaker_voicesettings.png using Guid(45b126b5c88878b42840b8dd157251b6) Importer(815301076,1909f56bfc062723c751e8b465ee728b)  -> (artifact id: '39b4589b134db32637a1a8dd57f1fed5') in 0.092155 seconds 
Number of asset objects unloaded after import = 2
========================================================================
Received Import Request.
  Time since last request: 0.000021 seconds.
  path: Assets/Oculus/Voice/Features/VoiceHub/Hub/Pages/Images/UseConduitCheckbox.png
  artifactKey: Guid(1671e86f36fb2eb48a5f41896988c447) Importer(815301076,1909f56bfc062723c751e8b465ee728b)
Number of updated assets reloaded before import = 0
Start importing Assets/Oculus/Voice/Features/VoiceHub/Hub/Pages/Images/UseConduitCheckbox.png using Guid(1671e86f36fb2eb48a5f41896988c447) Importer(815301076,1909f56bfc062723c751e8b465ee728b)  -> (artifact id: '4d9c1f1eab37f76724e1a98f5a49ca10') in 0.059335 seconds 
Number of asset objects unloaded after import = 2
========================================================================
Received Import Request.
  Time since last request: 0.000024 seconds.
  path: Assets/Objects FBX/Random Materials/Version 2.0.png
  artifactKey: Guid(7fcf81192d6930248a7726d98a54fca7) Importer(815301076,1909f56bfc062723c751e8b465ee728b)
Number of updated assets reloaded before import = 0
Start importing Assets/Objects FBX/Random Materials/Version 2.0.png using Guid(7fcf81192d6930248a7726d98a54fca7) Importer(815301076,1909f56bfc062723c751e8b465ee728b)  -> (artifact id: '9e8f686a8b85cf89adb941aed937f485') in 0.116089 seconds 
Number of asset objects unloaded after import = 2
========================================================================
Received Import Request.
  Time since last request: 0.000025 seconds.
  path: Assets/Oculus/Voice/Lib/Wit.ai/Features/TTS/Documentation/Images/tts_service_cachesettings.png
  artifactKey: Guid(701ca4114422ead418e08b1c0bc26348) Importer(815301076,1909f56bfc062723c751e8b465ee728b)
Number of updated assets reloaded before import = 0
Start importing Assets/Oculus/Voice/Lib/Wit.ai/Features/TTS/Documentation/Images/tts_service_cachesettings.png using Guid(701ca4114422ead418e08b1c0bc26348) Importer(815301076,1909f56bfc062723c751e8b465ee728b)  -> (artifact id: '08f63b11372752c73a80d19f9cce3d4d') in 0.064119 seconds 
Number of asset objects unloaded after import = 2
========================================================================
Received Import Request.
  Time since last request: 0.001048 seconds.
  path: Assets/Objects FBX/Random Materials/textures/texture_wood_0s.jpg
  artifactKey: Guid(3b7ac271b65c51a46a9679232437c9b5) Importer(815301076,1909f56bfc062723c751e8b465ee728b)
Number of updated assets reloaded before import = 0
Start importing Assets/Objects FBX/Random Materials/textures/texture_wood_0s.jpg using Guid(3b7ac271b65c51a46a9679232437c9b5) Importer(815301076,1909f56bfc062723c751e8b465ee728b)  -> (artifact id: '4b4994739f6e549188185a96b78c35c2') in 0.077429 seconds 
Number of asset objects unloaded after import = 2
========================================================================
Received Import Request.
  Time since last request: 0.000021 seconds.
  path: Assets/Objects FBX/Random Materials/textures/texture_bookshelf_001.jpg
  artifactKey: Guid(a01bced6d64b67644ad326c9025c6ff8) Importer(815301076,1909f56bfc062723c751e8b465ee728b)
Number of updated assets reloaded before import = 0
Start importing Assets/Objects FBX/Random Materials/textures/texture_bookshelf_001.jpg using Guid(a01bced6d64b67644ad326c9025c6ff8) Importer(815301076,1909f56bfc062723c751e8b465ee728b)  -> (artifact id: '5c25c813f8eb8b42750804bcdb020819') in 0.082367 seconds 
Number of asset objects unloaded after import = 2
========================================================================
Received Import Request.
  Time since last request: 0.000023 seconds.
  path: Assets/Samples/XR Interaction Toolkit/2.3.1/XR Device Simulator/UI/HeadDevice/MoveRotateTool.png
  artifactKey: Guid(139237a044d8e4255b40bb472c842087) Importer(815301076,1909f56bfc062723c751e8b465ee728b)
Number of updated assets reloaded before import = 0
Start importing Assets/Samples/XR Interaction Toolkit/2.3.1/XR Device Simulator/UI/HeadDevice/MoveRotateTool.png using Guid(139237a044d8e4255b40bb472c842087) Importer(815301076,1909f56bfc062723c751e8b465ee728b)  -> (artifact id: 'aadf28e41beffe98baffbdf62f3286ce') in 0.048621 seconds 
Number of asset objects unloaded after import = 3
========================================================================
Received Import Request.
  Time since last request: 0.000020 seconds.
  path: Assets/Objects FBX/Tool_Material/metal_copper - Default Texture.jpg
  artifactKey: Guid(2bebd537842a80c4487782b0e47b74b5) Importer(815301076,1909f56bfc062723c751e8b465ee728b)
Number of updated assets reloaded before import = 0
Start importing Assets/Objects FBX/Tool_Material/metal_copper - Default Texture.jpg using Guid(2bebd537842a80c4487782b0e47b74b5) Importer(815301076,1909f56bfc062723c751e8b465ee728b)  -> (artifact id: '6b0f05c65b40a191bf40b5ed5644e05c') in 0.059193 seconds 
Number of asset objects unloaded after import = 2
========================================================================
Received Import Request.
  Time since last request: 0.000022 seconds.
  path: Assets/Objects FBX/Random Materials/plantMAP.png
  artifactKey: Guid(58adaa4490494964089718c772f159ef) Importer(815301076,1909f56bfc062723c751e8b465ee728b)
Number of updated assets reloaded before import = 0
Start importing Assets/Objects FBX/Random Materials/plantMAP.png using Guid(58adaa4490494964089718c772f159ef) Importer(815301076,1909f56bfc062723c751e8b465ee728b)  -> (artifact id: 'a81ad84c3ea8749ea20a6d18ac5f5e8d') in 0.102971 seconds 
Number of asset objects unloaded after import = 2
========================================================================
Received Import Request.
  Time since last request: 0.000018 seconds.
  path: Assets/Objects FBX/Random Materials/textures/texture_bookshelf_001_ao.jpg
  artifactKey: Guid(287d52b2c2b3dce4b98ca9c7ae26a171) Importer(815301076,1909f56bfc062723c751e8b465ee728b)
Number of updated assets reloaded before import = 0
Start importing Assets/Objects FBX/Random Materials/textures/texture_bookshelf_001_ao.jpg using Guid(287d52b2c2b3dce4b98ca9c7ae26a171) Importer(815301076,1909f56bfc062723c751e8b465ee728b)  -> (artifact id: '510a6e75467ce70470e734fcb782f2a0') in 0.096584 seconds 
Number of asset objects unloaded after import = 2
========================================================================
Received Import Request.
  Time since last request: 0.000023 seconds.
  path: Assets/Objects FBX/Random Materials/textures/texture_bookshelf_001_n.jpg
  artifactKey: Guid(3b46df12fb654f94681a05c8c3765b92) Importer(815301076,1909f56bfc062723c751e8b465ee728b)
Number of updated assets reloaded before import = 0
Start importing Assets/Objects FBX/Random Materials/textures/texture_bookshelf_001_n.jpg using Guid(3b46df12fb654f94681a05c8c3765b92) Importer(815301076,1909f56bfc062723c751e8b465ee728b)  -> (artifact id: '3ce7901983cd3f9b4ce3046803610f49') in 0.079144 seconds 
Number of asset objects unloaded after import = 2
========================================================================
Received Import Request.
  Time since last request: 0.000014 seconds.
  path: Assets/Oculus/Voice/Documentation/Samples/ShapesConduit/Shapes with Conduit.jpg
  artifactKey: Guid(50d3d6b80001a124e80bddda429f963c) Importer(815301076,1909f56bfc062723c751e8b465ee728b)
Number of updated assets reloaded before import = 0
Start importing Assets/Oculus/Voice/Documentation/Samples/ShapesConduit/Shapes with Conduit.jpg using Guid(50d3d6b80001a124e80bddda429f963c) Importer(815301076,1909f56bfc062723c751e8b465ee728b)  -> (artifact id: 'eb430ca03c442d41992a416f89128898') in 0.074831 seconds 
Number of asset objects unloaded after import = 2
========================================================================
Received Import Request.
  Time since last request: 0.000017 seconds.
  path: Assets/Objects FBX/Random Materials/Sacoderação.png
  artifactKey: Guid(9976c4f724defbc4dad046e96829af1a) Importer(815301076,1909f56bfc062723c751e8b465ee728b)
Number of updated assets reloaded before import = 0
Start importing Assets/Objects FBX/Random Materials/Sacoderação.png using Guid(9976c4f724defbc4dad046e96829af1a) Importer(815301076,1909f56bfc062723c751e8b465ee728b)  -> (artifact id: '298371b9fe8b9708d113cce9cf63f3cb') in 0.070366 seconds 
Number of asset objects unloaded after import = 2
========================================================================
Received Import Request.
  Time since last request: 0.000018 seconds.
  path: Assets/Objects FBX/Random Materials/textures/texture_bookshelf_001_g.jpg
  artifactKey: Guid(2b2a8d3e9e015304db67a96b4e49d700) Importer(815301076,1909f56bfc062723c751e8b465ee728b)
Number of updated assets reloaded before import = 0
Start importing Assets/Objects FBX/Random Materials/textures/texture_bookshelf_001_g.jpg using Guid(2b2a8d3e9e015304db67a96b4e49d700) Importer(815301076,1909f56bfc062723c751e8b465ee728b)  -> (artifact id: '31229862df92ffffc4eefef30a888ddf') in 0.071053 seconds 
Number of asset objects unloaded after import = 2
========================================================================
Received Import Request.
  Time since last request: 0.000029 seconds.
  path: Assets/Objects FBX/Random Materials/textures/texture_bookshelf_001_s.jpg
  artifactKey: Guid(30723df218be83548aaac47275702fef) Importer(815301076,1909f56bfc062723c751e8b465ee728b)
Number of updated assets reloaded before import = 0
Start importing Assets/Objects FBX/Random Materials/textures/texture_bookshelf_001_s.jpg using Guid(30723df218be83548aaac47275702fef) Importer(815301076,1909f56bfc062723c751e8b465ee728b)  -> (artifact id: 'ac272566575801e1381dfa19d6299c0b') in 0.109932 seconds 
Number of asset objects unloaded after import = 2
========================================================================
Received Import Request.
  Time since last request: 0.000014 seconds.
  path: Assets/Samples/XR Interaction Toolkit/2.3.1/XR Device Simulator/UI/Mouse/MouseR_d.png
  artifactKey: Guid(308cc8b73722e43eab64c228a76560a6) Importer(815301076,1909f56bfc062723c751e8b465ee728b)
Number of updated assets reloaded before import = 0
Start importing Assets/Samples/XR Interaction Toolkit/2.3.1/XR Device Simulator/UI/Mouse/MouseR_d.png using Guid(308cc8b73722e43eab64c228a76560a6) Importer(815301076,1909f56bfc062723c751e8b465ee728b)  -> (artifact id: '90f8c8a6ecf6869bc98e9f04827a2a5b') in 0.043635 seconds 
Number of asset objects unloaded after import = 3
========================================================================
Received Import Request.
  Time since last request: 0.000032 seconds.
  path: Assets/Objects FBX/Tool_Material/Metals_Greasy_SP.jpg
  artifactKey: Guid(51c46c2678b533944b5e3993da240436) Importer(815301076,1909f56bfc062723c751e8b465ee728b)
Number of updated assets reloaded before import = 0
Start importing Assets/Objects FBX/Tool_Material/Metals_Greasy_SP.jpg using Guid(51c46c2678b533944b5e3993da240436) Importer(815301076,1909f56bfc062723c751e8b465ee728b)  -> (artifact id: 'aaba13951d79970e9b9efe9689757e89') in 0.053862 seconds 
Number of asset objects unloaded after import = 2
========================================================================
Received Import Request.
  Time since last request: 0.000018 seconds.
  path: Assets/Objects FBX/Random Materials/textures/texture_bookshelf_001_d.jpg
  artifactKey: Guid(d5cde916f668e6140914942fd3a052bf) Importer(815301076,1909f56bfc062723c751e8b465ee728b)
Number of updated assets reloaded before import = 0
Start importing Assets/Objects FBX/Random Materials/textures/texture_bookshelf_001_d.jpg using Guid(d5cde916f668e6140914942fd3a052bf) Importer(815301076,1909f56bfc062723c751e8b465ee728b)  -> (artifact id: 'd8f900fbb872303a956ac2a5f26d695f') in 0.078596 seconds 
Number of asset objects unloaded after import = 2
========================================================================
Received Import Request.
  Time since last request: 0.000021 seconds.
  path: Assets/Objects FBX/Random Materials/textures/texture_wood_0g.jpg
  artifactKey: Guid(48fedf832eda0d44f9c5c0896c74e929) Importer(815301076,1909f56bfc062723c751e8b465ee728b)
Number of updated assets reloaded before import = 0
Start importing Assets/Objects FBX/Random Materials/textures/texture_wood_0g.jpg using Guid(48fedf832eda0d44f9c5c0896c74e929) Importer(815301076,1909f56bfc062723c751e8b465ee728b)  -> (artifact id: '5e3a5e23bdd7de12e9cdcbb12a2a9a82') in 0.069594 seconds 
Number of asset objects unloaded after import = 2
Editor requested this worker to shutdown with reason: Scaling down because of idle timeout
AssetImportWorker is now disconnected from the server
Process exiting
Exiting without the bug reporter. Application will terminate with return code 0